../Core/Src/main.c:89:6:htim2_callback	8	static
../Core/Src/main.c:107:6:htim3_callback	8	static
../Core/Src/main.c:113:6:HAL_TIM_OC_DelayElapsedCallback	16	static
../Core/Src/main.c:121:6:HAL_SPI_TxCpltCallback	16	static
../Core/Src/main.c:138:6:debug_var	16	static
../Core/Src/main.c:157:5:main	32	static
../Core/Src/main.c:232:6:SystemClock_Config	88	static
../Core/Src/main.c:279:13:MX_SPI2_Init	8	static
../Core/Src/main.c:317:13:MX_TIM2_Init	64	static
../Core/Src/main.c:388:13:MX_TIM3_Init	64	static
../Core/Src/main.c:459:13:MX_USART2_UART_Init	8	static
../Core/Src/main.c:490:13:MX_DMA_Init	16	static
../Core/Src/main.c:508:13:MX_GPIO_Init	48	static
../Core/Src/main.c:650:6:Error_Handler	4	static,ignoring_inline_asm
